RAM Allocation [bytes]
Variable                                                                          Address   Size
------------------------------------------------------------------------------------------------
users                                                                             0x01A2      70
_base_y (alcd.lib)                                                                0x01E8       4

EEPROM Allocation [bytes]
Variable                                                                          Address   Size
------------------------------------------------------------------------------------------------

Register Allocation
Variable                                                                          Register  Size
------------------------------------------------------------------------------------------------
_lcd_x                                                                            R5           1
_lcd_y                                                                            R4           1
_lcd_maxx                                                                         R7           1

FLASH Allocation [words]
Function                                                                          Address   Size
------------------------------------------------------------------------------------------------
main                                                                              0x000BB     23
Reset                                                                             0x000D2    128
keypad                                                                            0x00152     85
EE_Read                                                                           0x001A7     10
EE_Write                                                                          0x001B1     12
EE_WriteString                                                                    0x001BD     20
EE_ReadString                                                                     0x001D1     34
initializeUsers                                                                   0x001F3     31
displayMessage                                                                    0x00212      9
enterValueWithKeypad                                                              0x0021B     37
generateTone                                                                      0x00240     10
_lcd_write_nibble_G100                                                            0x0024A     21
_lcd_write_data                                                                   0x0025F     13
lcd_gotoxy                                                                        0x0026C     18
lcd_clear                                                                         0x0027E     10
lcd_putchar                                                                       0x00288     19
lcd_puts                                                                          0x0029B     15
lcd_init                                                                          0x002AA     43
strcmp                                                                            0x002D5     20
