RAM Allocation [bytes]
Variable                                                                          Address   Size
------------------------------------------------------------------------------------------------
users                                                                             0x02BD      70
_base_y (alcd.lib)                                                                0x0303       4

EEPROM Allocation [bytes]
Variable                                                                          Address   Size
------------------------------------------------------------------------------------------------

Register Allocation
Variable                                                                          Register  Size
------------------------------------------------------------------------------------------------
_lcd_x                                                                            R5           1
_lcd_y                                                                            R4           1
_lcd_maxx                                                                         R7           1

FLASH Allocation [words]
Function                                                                          Address   Size
------------------------------------------------------------------------------------------------
initializeHardware                                                                0x00174      6
initializeKeypad                                                                  0x0017A      5
initializeDoor                                                                    0x0017F      3
initializeSpeaker                                                                 0x00182      2
initializeIntrrupts                                                               0x00184     32
keypad                                                                            0x001A4     85
EE_Read                                                                           0x001F9     10
EE_Write                                                                          0x00203     12
EE_WriteString                                                                    0x0020F     20
EE_ReadString                                                                     0x00223     34
initializeUsers                                                                   0x00245     26
displayMessage                                                                    0x0025F      9
enterValueWithKeypad                                                              0x00268     37
generateTone                                                                      0x0028D     10
adminMode                                                                         0x00297    150
setPCMode                                                                         0x0032D    112
openCloseDoorMode                                                                 0x0039D     85
main                                                                              0x003F2     10
setPC                                                                             0x003FC      3
admin                                                                             0x003FF     16
_lcd_write_nibble_G100                                                            0x0040F     21
_lcd_write_data                                                                   0x00424     13
lcd_gotoxy                                                                        0x00431     18
lcd_clear                                                                         0x00443     10
lcd_putchar                                                                       0x0044D     19
lcd_puts                                                                          0x00460     15
lcd_init                                                                          0x0046F     43
strcmp                                                                            0x0049A     20
